Archive member included because of file (symbol)

/home/linksky/.pebble-sdk/SDKs/current/sdk-core/pebble/aplite/lib/libpebble.a(tmp7jpKUopebble.o)
                              src/c/modules/main_window.c.33.o (accel_tap_service_subscribe)

Discarded input sections

 .text          0x0000000000000000        0x0 /home/linksky/pebble-dev/pebble-sdk-4.5-linux64/arm-cs-tools/bin/../lib/gcc/arm-none-eabi/4.7.2/thumb2/crti.o
 .bss           0x0000000000000000        0x0 /home/linksky/pebble-dev/pebble-sdk-4.5-linux64/arm-cs-tools/bin/../lib/gcc/arm-none-eabi/4.7.2/thumb2/crti.o
 .init          0x0000000000000000        0x4 /home/linksky/pebble-dev/pebble-sdk-4.5-linux64/arm-cs-tools/bin/../lib/gcc/arm-none-eabi/4.7.2/thumb2/crti.o
 .fini          0x0000000000000000        0x4 /home/linksky/pebble-dev/pebble-sdk-4.5-linux64/arm-cs-tools/bin/../lib/gcc/arm-none-eabi/4.7.2/thumb2/crti.o
 .text          0x0000000000000000       0xc8 /home/linksky/pebble-dev/pebble-sdk-4.5-linux64/arm-cs-tools/bin/../lib/gcc/arm-none-eabi/4.7.2/thumb2/crtbegin.o
 .bss           0x0000000000000000       0x1c /home/linksky/pebble-dev/pebble-sdk-4.5-linux64/arm-cs-tools/bin/../lib/gcc/arm-none-eabi/4.7.2/thumb2/crtbegin.o
 .init_array    0x0000000000000000        0x4 /home/linksky/pebble-dev/pebble-sdk-4.5-linux64/arm-cs-tools/bin/../lib/gcc/arm-none-eabi/4.7.2/thumb2/crtbegin.o
 .fini_array    0x0000000000000000        0x4 /home/linksky/pebble-dev/pebble-sdk-4.5-linux64/arm-cs-tools/bin/../lib/gcc/arm-none-eabi/4.7.2/thumb2/crtbegin.o
 .eh_frame      0x0000000000000000        0x0 /home/linksky/pebble-dev/pebble-sdk-4.5-linux64/arm-cs-tools/bin/../lib/gcc/arm-none-eabi/4.7.2/thumb2/crtbegin.o
 .jcr           0x0000000000000000        0x0 /home/linksky/pebble-dev/pebble-sdk-4.5-linux64/arm-cs-tools/bin/../lib/gcc/arm-none-eabi/4.7.2/thumb2/crtbegin.o
 .tm_clone_table
                0x0000000000000000        0x0 /home/linksky/pebble-dev/pebble-sdk-4.5-linux64/arm-cs-tools/bin/../lib/gcc/arm-none-eabi/4.7.2/thumb2/crtbegin.o
 .text          0x0000000000000000        0x0 src/c/main.c.33.o
 .bss           0x0000000000000000        0x0 src/c/main.c.33.o
 .text          0x0000000000000000        0x0 src/c/modules/main_window.c.33.o
 .bss           0x0000000000000000        0x0 src/c/modules/main_window.c.33.o
 .text          0x0000000000000000        0x0 src/c/modules/pebble-gbc-graphics/pebble-gbc-graphics.c.33.o
 .bss           0x0000000000000000        0x0 src/c/modules/pebble-gbc-graphics/pebble-gbc-graphics.c.33.o
 .text.GBC_Graphics_set_screen_x_origin
                0x0000000000000000        0x6 src/c/modules/pebble-gbc-graphics/pebble-gbc-graphics.c.33.o
 .text.GBC_Graphics_set_screen_y_origin
                0x0000000000000000        0x6 src/c/modules/pebble-gbc-graphics/pebble-gbc-graphics.c.33.o
 .text.GBC_Graphics_set_screen_width
                0x0000000000000000        0x6 src/c/modules/pebble-gbc-graphics/pebble-gbc-graphics.c.33.o
 .text.GBC_Graphics_set_screen_height
                0x0000000000000000        0x6 src/c/modules/pebble-gbc-graphics/pebble-gbc-graphics.c.33.o
 .text.GBC_Graphics_get_screen_bounds
                0x0000000000000000       0x1c src/c/modules/pebble-gbc-graphics/pebble-gbc-graphics.c.33.o
 .text.GBC_Graphics_get_screen_x_origin
                0x0000000000000000        0x6 src/c/modules/pebble-gbc-graphics/pebble-gbc-graphics.c.33.o
 .text.GBC_Graphics_get_screen_y_origin
                0x0000000000000000        0x6 src/c/modules/pebble-gbc-graphics/pebble-gbc-graphics.c.33.o
 .text.GBC_Graphics_get_screen_width
                0x0000000000000000        0x6 src/c/modules/pebble-gbc-graphics/pebble-gbc-graphics.c.33.o
 .text.GBC_Graphics_get_screen_height
                0x0000000000000000        0x6 src/c/modules/pebble-gbc-graphics/pebble-gbc-graphics.c.33.o
 .text.GBC_Graphics_get_vram_bank
                0x0000000000000000        0x8 src/c/modules/pebble-gbc-graphics/pebble-gbc-graphics.c.33.o
 .text.GBC_Graphics_set_bg_palette
                0x0000000000000000       0x1a src/c/modules/pebble-gbc-graphics/pebble-gbc-graphics.c.33.o
 .text.GBC_Graphics_copy_one_bg_palette
                0x0000000000000000        0xa src/c/modules/pebble-gbc-graphics/pebble-gbc-graphics.c.33.o
 .text.GBC_Graphics_copy_one_sprite_palette
                0x0000000000000000        0xa src/c/modules/pebble-gbc-graphics/pebble-gbc-graphics.c.33.o
 .text.GBC_Graphics_copy_all_sprite_palettes
                0x0000000000000000       0x14 src/c/modules/pebble-gbc-graphics/pebble-gbc-graphics.c.33.o
 .text.GBC_Graphics_lcdc_set
                0x0000000000000000        0x4 src/c/modules/pebble-gbc-graphics/pebble-gbc-graphics.c.33.o
 .text.GBC_Graphics_lcdc_set_enabled
                0x0000000000000000        0xc src/c/modules/pebble-gbc-graphics/pebble-gbc-graphics.c.33.o
 .text.GBC_Graphics_stat_get_current_line
[...]
Memory Configuration

Name             Origin             Length             Attributes
APP              0x0000000000000000 0x0000000000006000 xrw
*default*        0x0000000000000000 0xffffffffffffffff

Linker script and memory map

LOAD /home/linksky/pebble-dev/pebble-sdk-4.5-linux64/arm-cs-tools/bin/../lib/gcc/arm-none-eabi/4.7.2/thumb2/crti.o
LOAD /home/linksky/pebble-dev/pebble-sdk-4.5-linux64/arm-cs-tools/bin/../lib/gcc/arm-none-eabi/4.7.2/thumb2/crtbegin.o
LOAD src/c/main.c.33.o
LOAD src/c/modules/main_window.c.33.o
LOAD src/c/modules/pebble-gbc-graphics/pebble-gbc-graphics.c.33.o
LOAD src/c/modules/pokemon/animations.c.33.o
LOAD src/c/modules/pokemon/pokemon.c.33.o
LOAD aplite/appinfo.auto.c.33.o
LOAD aplite/src/resource_ids.auto.c.33.o
LOAD src/message_keys.auto.c.33.o
LOAD /home/linksky/.pebble-sdk/SDKs/current/sdk-core/pebble/aplite/lib/libpebble.a
START GROUP
LOAD /home/linksky/pebble-dev/pebble-sdk-4.5-linux64/arm-cs-tools/bin/../lib/gcc/arm-none-eabi/4.7.2/thumb2/libgcc.a
LOAD /home/linksky/pebble-dev/pebble-sdk-4.5-linux64/arm-cs-tools/bin/../lib/gcc/arm-none-eabi/4.7.2/../../../../arm-none-eabi/lib/thumb2/libc.a
END GROUP
LOAD /home/linksky/pebble-dev/pebble-sdk-4.5-linux64/arm-cs-tools/bin/../lib/gcc/arm-none-eabi/4.7.2/thumb2/crtend.o
LOAD /home/linksky/pebble-dev/pebble-sdk-4.5-linux64/arm-cs-tools/bin/../lib/gcc/arm-none-eabi/4.7.2/thumb2/crtn.o

.header         0x0000000000000000       0x82
 *(.pbl_header)
 .pbl_header    0x0000000000000000       0x82 aplite/appinfo.auto.c.33.o
                0x0000000000000000                __pbl_app_info

.note.gnu.build-id
                0x0000000000000082       0x26
                0x0000000000000082                PROVIDE (BUILD_ID, .)
 *(.note.gnu.build-id)
 *fill*         0x0000000000000082        0x2 
 .note.gnu.build-id
                0x0000000000000084       0x24 linker stubs

.text           0x00000000000000a8     0x2b5a
 *(.text)
 .text          0x00000000000000a8       0x14 /home/linksky/.pebble-sdk/SDKs/current/sdk-core/pebble/aplite/lib/libpebble.a(tmp7jpKUopebble.o)
 *(.text.*)
 .text.startup.main
                0x00000000000000bc        0xe src/c/main.c.33.o
                0x00000000000000bc                main
 *fill*         0x00000000000000ca        0x2 
 .text.window_unload
                0x00000000000000cc       0x38 src/c/modules/main_window.c.33.o
 .text.window_load
                0x0000000000000104       0x70 src/c/modules/main_window.c.33.o
 .text.foreground_update_proc
                0x0000000000000174      0x534 src/c/modules/main_window.c.33.o
 .text.frame_timer_handle
                0x00000000000006a8       0x48 src/c/modules/main_window.c.33.o
 .text.accel_tap_handler
                0x00000000000006f0       0x10 src/c/modules/main_window.c.33.o
 .text.time_handler
                0x0000000000000700       0x60 src/c/modules/main_window.c.33.o
 .text.will_focus_handler
                0x0000000000000760       0x38 src/c/modules/main_window.c.33.o
 .text.main_window_push
                0x0000000000000798      0x134 src/c/modules/main_window.c.33.o
                0x0000000000000798                main_window_push
 .text.sprite_update_proc
                0x00000000000008cc      0x310 src/c/modules/pebble-gbc-graphics/pebble-gbc-graphics.c.33.o
 .text.bg_update_proc
                0x0000000000000bdc      0x272 src/c/modules/pebble-gbc-graphics/pebble-gbc-graphics.c.33.o
 *fill*         0x0000000000000e4e        0x2 
 .text.GBC_Graphics_ctor
                0x0000000000000e50       0xf0 src/c/modules/pebble-gbc-graphics/pebble-gbc-graphics.c.33.o
                0x0000000000000e50                GBC_Graphics_ctor
 .text.GBC_Graphics_destroy
                0x0000000000000f40       0x4a src/c/modules/pebble-gbc-graphics/pebble-gbc-graphics.c.33.o
                0x0000000000000f40                GBC_Graphics_destroy
 .text.GBC_Graphics_set_screen_bounds
                0x0000000000000f8a       0x44 src/c/modules/pebble-gbc-graphics/pebble-gbc-graphics.c.33.o
                0x0000000000000f8a                GBC_Graphics_set_screen_bounds
 .text.GBC_Graphics_vram_move_tiles
                0x0000000000000fce       0x66 src/c/modules/pebble-gbc-graphics/pebble-gbc-graphics.c.33.o
                0x0000000000000fce                GBC_Graphics_vram_move_tiles
 .text.GBC_Graphics_load_from_tilesheet_into_vram
                0x0000000000001034       0x30 src/c/modules/pebble-gbc-graphics/pebble-gbc-graphics.c.33.o
                0x0000000000001034                GBC_Graphics_load_from_tilesheet_into_vram
 .text.GBC_Graphics_set_sprite_palette
                0x0000000000001064       0x1a src/c/modules/pebble-gbc-graphics/pebble-gbc-graphics.c.33.o
                0x0000000000001064                GBC_Graphics_set_sprite_palette
 .text.GBC_Graphics_set_bg_palette_array
                0x000000000000107e        0xa src/c/modules/pebble-gbc-graphics/pebble-gbc-graphics.c.33.o
                0x000000000000107e                GBC_Graphics_set_bg_palette_array
 .text.GBC_Graphics_set_sprite_palette_array
                0x0000000000001088        0xa src/c/modules/pebble-gbc-graphics/pebble-gbc-graphics.c.33.o
                0x0000000000001088                GBC_Graphics_set_sprite_palette_array
 .text.GBC_Graphics_copy_all_bg_palettes
                0x0000000000001092       0x14 src/c/modules/pebble-gbc-graphics/pebble-gbc-graphics.c.33.o
                0x0000000000001092                GBC_Graphics_copy_all_bg_palettes
 .text.GBC_Graphics_render
                0x00000000000010a6        0x6 src/c/modules/pebble-gbc-graphics/pebble-gbc-graphics.c.33.o
                0x00000000000010a6                GBC_Graphics_render
 .text.GBC_Graphics_lcdc_set_bg_layer_enabled
                0x00000000000010ac        0xe src/c/modules/pebble-gbc-graphics/pebble-gbc-graphics.c.33.o
                0x00000000000010ac                GBC_Graphics_lcdc_set_bg_layer_enabled
 .text.GBC_Graphics_lcdc_set_window_layer_enabled
                0x00000000000010ba        0xe src/c/modules/pebble-gbc-graphics/pebble-gbc-graphics.c.33.o
                0x00000000000010ba                GBC_Graphics_lcdc_set_window_layer_enabled
 .text.GBC_Graphics_lcdc_set_sprite_layer_enabled
                0x00000000000010c8        0xe src/c/modules/pebble-gbc-graphics/pebble-gbc-graphics.c.33.o
                0x00000000000010c8                GBC_Graphics_lcdc_set_sprite_layer_enabled
 .text.GBC_Graphics_lcdc_set_8x16_sprite_mode_enabled
                0x00000000000010d6        0xe src/c/modules/pebble-gbc-graphics/pebble-gbc-graphics.c.33.o
                0x00000000000010d6                GBC_Graphics_lcdc_set_8x16_sprite_mode_enabled
 .text.GBC_Graphics_stat_set_line_compare_interrupt_enabled
                0x00000000000010e4       0x12 src/c/modules/pebble-gbc-graphics/pebble-gbc-graphics.c.33.o
                0x00000000000010e4                GBC_Graphics_stat_set_line_compare_interrupt_enabled
 .text.GBC_Graphics_attr_make
                0x00000000000010f6       0x18 src/c/modules/pebble-gbc-graphics/pebble-gbc-graphics.c.33.o
                0x00000000000010f6                GBC_Graphics_attr_make
 .text.GBC_Graphics_bg_get_scroll_x
                0x000000000000110e        0x6 src/c/modules/pebble-gbc-graphics/pebble-gbc-graphics.c.33.o
                0x000000000000110e                GBC_Graphics_bg_get_scroll_x
 .text.GBC_Graphics_bg_get_scroll_y
                0x0000000000001114        0x6 src/c/modules/pebble-gbc-graphics/pebble-gbc-graphics.c.33.o
                0x0000000000001114                GBC_Graphics_bg_get_scroll_y
 .text.GBC_Graphics_bg_move
                0x000000000000111a       0x2a src/c/modules/pebble-gbc-graphics/pebble-gbc-graphics.c.33.o
                0x000000000000111a                GBC_Graphics_bg_move
 .text.GBC_Graphics_bg_set_scroll_pos
                0x0000000000001144        0x6 src/c/modules/pebble-gbc-graphics/pebble-gbc-graphics.c.33.o
                0x0000000000001144                GBC_Graphics_bg_set_scroll_pos
 .text.GBC_Graphics_bg_set_tile_and_attrs
                0x000000000000114a       0x1a src/c/modules/pebble-gbc-graphics/pebble-gbc-graphics.c.33.o
                0x000000000000114a                GBC_Graphics_bg_set_tile_and_attrs
 .text.GBC_Graphics_window_set_offset_pos
                0x0000000000001164        0x6 src/c/modules/pebble-gbc-graphics/pebble-gbc-graphics.c.33.o
                0x0000000000001164                GBC_Graphics_window_set_offset_pos
 .text.GBC_Graphics_oam_set_sprite
                0x000000000000116a       0x26 src/c/modules/pebble-gbc-graphics/pebble-gbc-graphics.c.33.o
                0x000000000000116a                GBC_Graphics_oam_set_sprite
 .text.GBC_Graphics_oam_move_sprite
                0x0000000000001190       0x1c src/c/modules/pebble-gbc-graphics/pebble-gbc-graphics.c.33.o
                0x0000000000001190                GBC_Graphics_oam_move_sprite
 .text.GBC_Graphics_oam_set_sprite_pos
                0x00000000000011ac       0x12 src/c/modules/pebble-gbc-graphics/pebble-gbc-graphics.c.33.o
                0x00000000000011ac                GBC_Graphics_oam_set_sprite_pos
 .text.GBC_Graphics_oam_hide_sprite
                0x00000000000011be       0x12 src/c/modules/pebble-gbc-graphics/pebble-gbc-graphics.c.33.o
                0x00000000000011be                GBC_Graphics_oam_hide_sprite
 .text.GBC_Graphics_oam_set_sprite_tile
                0x00000000000011d0        0xa src/c/modules/pebble-gbc-graphics/pebble-gbc-graphics.c.33.o
                0x00000000000011d0                GBC_Graphics_oam_set_sprite_tile
 .text.GBC_Graphics_oam_set_sprite_attrs
                0x00000000000011da        0xa src/c/modules/pebble-gbc-graphics/pebble-gbc-graphics.c.33.o
                0x00000000000011da                GBC_Graphics_oam_set_sprite_attrs
 .text.GBC_Graphics_oam_set_sprite_x_flip
                0x00000000000011e4       0x14 src/c/modules/pebble-gbc-graphics/pebble-gbc-graphics.c.33.o
                0x00000000000011e4                GBC_Graphics_oam_set_sprite_x_flip
 .text.GBC_Graphics_oam_set_sprite_priority
                0x00000000000011f8       0x1a src/c/modules/pebble-gbc-graphics/pebble-gbc-graphics.c.33.o
                0x00000000000011f8                GBC_Graphics_oam_set_sprite_priority
 .text.GBC_Graphics_oam_swap_sprite_tiles
                0x0000000000001212       0x14 src/c/modules/pebble-gbc-graphics/pebble-gbc-graphics.c.33.o
                0x0000000000001212                GBC_Graphics_oam_swap_sprite_tiles
 *fill*         0x0000000000001226        0x2 
 .text.init_anim_tiles
                0x0000000000001228       0x48 src/c/modules/pokemon/animations.c.33.o
                0x0000000000001228                init_anim_tiles
 .text.animate_tiles
                0x0000000000001270       0xc8 src/c/modules/pokemon/animations.c.33.o
                0x0000000000001270                animate_tiles
 .text.direction_to_point
                0x0000000000001338       0x4e src/c/modules/pokemon/pokemon.c.33.o
 *fill*         0x0000000000001386        0x2 
 .text.get_block_type
                0x0000000000001388       0x54 src/c/modules/pokemon/pokemon.c.33.o
 .text.load_player_sprites
                0x00000000000013dc       0x34 src/c/modules/pokemon/pokemon.c.33.o
 .text.render_items
                0x0000000000001410       0xd0 src/c/modules/pokemon/pokemon.c.33.o
 .text.load_tiles
                0x00000000000014e0       0xf4 src/c/modules/pokemon/pokemon.c.33.o
 .text.load_blocks_in_direction
                0x00000000000015d4       0x98 src/c/modules/pokemon/pokemon.c.33.o
 .text.set_player_sprites
                0x000000000000166c       0x64 src/c/modules/pokemon/pokemon.c.33.o
 .text.load_resources
                0x00000000000016d0      0x3b0 src/c/modules/pokemon/pokemon.c.33.o
 .text.set_bg_palettes_to_color.constprop.1
                0x0000000000001a80       0x2c src/c/modules/pokemon/pokemon.c.33.o
 .text.Pokemon_initialize
                0x0000000000001aac      0x1dc src/c/modules/pokemon/pokemon.c.33.o
                0x0000000000001aac                Pokemon_initialize
 .text.Pokemon_start_animation
                0x0000000000001c88       0x6c src/c/modules/pokemon/pokemon.c.33.o
                0x0000000000001c88                Pokemon_start_animation
 .text.Pokemon_step
                0x0000000000001cf4      0xa58 src/c/modules/pokemon/pokemon.c.33.o
                0x0000000000001cf4                Pokemon_step
 .text.Pokemon_handle_tap
                0x000000000000274c       0x4c src/c/modules/pokemon/pokemon.c.33.o
                0x000000000000274c                Pokemon_handle_tap
 .text.Pokemon_deinitialize
                0x0000000000002798       0x98 src/c/modules/pokemon/pokemon.c.33.o
                0x0000000000002798                Pokemon_deinitialize
 .text.accel_tap_service_subscribe
                0x0000000000002830        0xc /home/linksky/.pebble-sdk/SDKs/current/sdk-core/pebble/aplite/lib/libpebble.a(tmp7jpKUopebble.o)
                0x0000000000002830                accel_tap_service_subscribe
 .text.app_event_loop
                0x000000000000283c        0xc /home/linksky/.pebble-sdk/SDKs/current/sdk-core/pebble/aplite/lib/libpebble.a(tmp7jpKUopebble.o)
                0x000000000000283c                app_event_loop
 .text.app_timer_cancel
                0x0000000000002848        0xc /home/linksky/.pebble-sdk/SDKs/current/sdk-core/pebble/aplite/lib/libpebble.a(tmp7jpKUopebble.o)
                0x0000000000002848                app_timer_cancel
 .text.app_timer_register
                0x0000000000002854        0xc /home/linksky/.pebble-sdk/SDKs/current/sdk-core/pebble/aplite/lib/libpebble.a(tmp7jpKUopebble.o)
                0x0000000000002854                app_timer_register
 .text.free     0x0000000000002860        0xc /home/linksky/.pebble-sdk/SDKs/current/sdk-core/pebble/aplite/lib/libpebble.a(tmp7jpKUopebble.o)
                0x0000000000002860                free
 .text.graphics_draw_circle
                0x000000000000286c        0xc /home/linksky/.pebble-sdk/SDKs/current/sdk-core/pebble/aplite/lib/libpebble.a(tmp7jpKUopebble.o)
                0x000000000000286c                graphics_draw_circle
 .text.graphics_draw_line
                0x0000000000002878        0xc /home/linksky/.pebble-sdk/SDKs/current/sdk-core/pebble/aplite/lib/libpebble.a(tmp7jpKUopebble.o)
                0x0000000000002878                graphics_draw_line
 .text.graphics_fill_circle
                0x0000000000002884        0xc /home/linksky/.pebble-sdk/SDKs/current/sdk-core/pebble/aplite/lib/libpebble.a(tmp7jpKUopebble.o)
                0x0000000000002884                graphics_fill_circle
 .text.layer_add_child
                0x0000000000002890        0xc /home/linksky/.pebble-sdk/SDKs/current/sdk-core/pebble/aplite/lib/libpebble.a(tmp7jpKUopebble.o)
                0x0000000000002890                layer_add_child
 .text.layer_create
                0x000000000000289c        0xc /home/linksky/.pebble-sdk/SDKs/current/sdk-core/pebble/aplite/lib/libpebble.a(tmp7jpKUopebble.o)
                0x000000000000289c                layer_create
 .text.layer_create_with_data
                0x00000000000028a8        0xc /home/linksky/.pebble-sdk/SDKs/current/sdk-core/pebble/aplite/lib/libpebble.a(tmp7jpKUopebble.o)
                0x00000000000028a8                layer_create_with_data
 .text.layer_destroy
                0x00000000000028b4        0xc /home/linksky/.pebble-sdk/SDKs/current/sdk-core/pebble/aplite/lib/libpebble.a(tmp7jpKUopebble.o)
                0x00000000000028b4                layer_destroy
 .text.layer_get_bounds
                0x00000000000028c0        0xc /home/linksky/.pebble-sdk/SDKs/current/sdk-core/pebble/aplite/lib/libpebble.a(tmp7jpKUopebble.o)
                0x00000000000028c0                layer_get_bounds
 .text.layer_get_data
                0x00000000000028cc        0xc /home/linksky/.pebble-sdk/SDKs/current/sdk-core/pebble/aplite/lib/libpebble.a(tmp7jpKUopebble.o)
                0x00000000000028cc                layer_get_data
 .text.layer_mark_dirty
                0x00000000000028d8        0xc /home/linksky/.pebble-sdk/SDKs/current/sdk-core/pebble/aplite/lib/libpebble.a(tmp7jpKUopebble.o)
                0x00000000000028d8                layer_mark_dirty
 .text.layer_set_frame
                0x00000000000028e4        0xc /home/linksky/.pebble-sdk/SDKs/current/sdk-core/pebble/aplite/lib/libpebble.a(tmp7jpKUopebble.o)
                0x00000000000028e4                layer_set_frame
 .text.layer_set_update_proc
                0x00000000000028f0        0xc /home/linksky/.pebble-sdk/SDKs/current/sdk-core/pebble/aplite/lib/libpebble.a(tmp7jpKUopebble.o)
                0x00000000000028f0                layer_set_update_proc
 .text.malloc   0x00000000000028fc        0xc /home/linksky/.pebble-sdk/SDKs/current/sdk-core/pebble/aplite/lib/libpebble.a(tmp7jpKUopebble.o)
                0x00000000000028fc                malloc
 .text.memcpy   0x0000000000002908        0xc /home/linksky/.pebble-sdk/SDKs/current/sdk-core/pebble/aplite/lib/libpebble.a(tmp7jpKUopebble.o)
                0x0000000000002908                memcpy
 .text.memset   0x0000000000002914        0xc /home/linksky/.pebble-sdk/SDKs/current/sdk-core/pebble/aplite/lib/libpebble.a(tmp7jpKUopebble.o)
                0x0000000000002914                memset
 .text.rand     0x0000000000002920        0xc /home/linksky/.pebble-sdk/SDKs/current/sdk-core/pebble/aplite/lib/libpebble.a(tmp7jpKUopebble.o)
                0x0000000000002920                rand
 .text.resource_get_handle
                0x000000000000292c        0xc /home/linksky/.pebble-sdk/SDKs/current/sdk-core/pebble/aplite/lib/libpebble.a(tmp7jpKUopebble.o)
                0x000000000000292c                resource_get_handle
 .text.resource_load
                0x0000000000002938        0xc /home/linksky/.pebble-sdk/SDKs/current/sdk-core/pebble/aplite/lib/libpebble.a(tmp7jpKUopebble.o)
                0x0000000000002938                resource_load
 .text.resource_load_byte_range
                0x0000000000002944        0xc /home/linksky/.pebble-sdk/SDKs/current/sdk-core/pebble/aplite/lib/libpebble.a(tmp7jpKUopebble.o)
                0x0000000000002944                resource_load_byte_range
 .text.resource_size
                0x0000000000002950        0xc /home/linksky/.pebble-sdk/SDKs/current/sdk-core/pebble/aplite/lib/libpebble.a(tmp7jpKUopebble.o)
                0x0000000000002950                resource_size
 .text.tick_timer_service_subscribe
                0x000000000000295c        0xc /home/linksky/.pebble-sdk/SDKs/current/sdk-core/pebble/aplite/lib/libpebble.a(tmp7jpKUopebble.o)
                0x000000000000295c                tick_timer_service_subscribe
 .text.window_create
                0x0000000000002968        0xc /home/linksky/.pebble-sdk/SDKs/current/sdk-core/pebble/aplite/lib/libpebble.a(tmp7jpKUopebble.o)
                0x0000000000002968                window_create
 .text.window_destroy
                0x0000000000002974        0xc /home/linksky/.pebble-sdk/SDKs/current/sdk-core/pebble/aplite/lib/libpebble.a(tmp7jpKUopebble.o)
                0x0000000000002974                window_destroy
 .text.window_get_root_layer
                0x0000000000002980        0xc /home/linksky/.pebble-sdk/SDKs/current/sdk-core/pebble/aplite/lib/libpebble.a(tmp7jpKUopebble.o)
                0x0000000000002980                window_get_root_layer
 .text.window_set_window_handlers
                0x000000000000298c        0xc /home/linksky/.pebble-sdk/SDKs/current/sdk-core/pebble/aplite/lib/libpebble.a(tmp7jpKUopebble.o)
                0x000000000000298c                window_set_window_handlers
 .text.window_stack_push
                0x0000000000002998        0xc /home/linksky/.pebble-sdk/SDKs/current/sdk-core/pebble/aplite/lib/libpebble.a(tmp7jpKUopebble.o)
                0x0000000000002998                window_stack_push
 .text.app_focus_service_subscribe
                0x00000000000029a4        0xc /home/linksky/.pebble-sdk/SDKs/current/sdk-core/pebble/aplite/lib/libpebble.a(tmp7jpKUopebble.o)
                0x00000000000029a4                app_focus_service_subscribe
 .text.persist_read_data
                0x00000000000029b0        0xc /home/linksky/.pebble-sdk/SDKs/current/sdk-core/pebble/aplite/lib/libpebble.a(tmp7jpKUopebble.o)
                0x00000000000029b0                persist_read_data
 .text.persist_write_data
                0x00000000000029bc        0xc /home/linksky/.pebble-sdk/SDKs/current/sdk-core/pebble/aplite/lib/libpebble.a(tmp7jpKUopebble.o)
                0x00000000000029bc                persist_write_data
 .text.graphics_release_frame_buffer
                0x00000000000029c8        0xc /home/linksky/.pebble-sdk/SDKs/current/sdk-core/pebble/aplite/lib/libpebble.a(tmp7jpKUopebble.o)
                0x00000000000029c8                graphics_release_frame_buffer
 .text.graphics_context_set_fill_color
                0x00000000000029d4        0xc /home/linksky/.pebble-sdk/SDKs/current/sdk-core/pebble/aplite/lib/libpebble.a(tmp7jpKUopebble.o)
                0x00000000000029d4                graphics_context_set_fill_color
 .text.graphics_context_set_stroke_color
                0x00000000000029e0        0xc /home/linksky/.pebble-sdk/SDKs/current/sdk-core/pebble/aplite/lib/libpebble.a(tmp7jpKUopebble.o)
                0x00000000000029e0                graphics_context_set_stroke_color
 .text.window_set_background_color
                0x00000000000029ec        0xc /home/linksky/.pebble-sdk/SDKs/current/sdk-core/pebble/aplite/lib/libpebble.a(tmp7jpKUopebble.o)
                0x00000000000029ec                window_set_background_color
 .text.localtime
                0x00000000000029f8        0xc /home/linksky/.pebble-sdk/SDKs/current/sdk-core/pebble/aplite/lib/libpebble.a(tmp7jpKUopebble.o)
                0x00000000000029f8                localtime
 .text.graphics_capture_frame_buffer
                0x0000000000002a04        0xc /home/linksky/.pebble-sdk/SDKs/current/sdk-core/pebble/aplite/lib/libpebble.a(tmp7jpKUopebble.o)
                0x0000000000002a04                graphics_capture_frame_buffer
 .text.graphics_context_set_antialiased
                0x0000000000002a10        0xc /home/linksky/.pebble-sdk/SDKs/current/sdk-core/pebble/aplite/lib/libpebble.a(tmp7jpKUopebble.o)
                0x0000000000002a10                graphics_context_set_antialiased
 .text.graphics_context_set_stroke_width
                0x0000000000002a1c        0xc /home/linksky/.pebble-sdk/SDKs/current/sdk-core/pebble/aplite/lib/libpebble.a(tmp7jpKUopebble.o)
                0x0000000000002a1c                graphics_context_set_stroke_width
 .text.time     0x0000000000002a28        0xc /home/linksky/.pebble-sdk/SDKs/current/sdk-core/pebble/aplite/lib/libpebble.a(tmp7jpKUopebble.o)
                0x0000000000002a28                time
 .text.gbitmap_get_data_row_info
                0x0000000000002a34        0xc /home/linksky/.pebble-sdk/SDKs/current/sdk-core/pebble/aplite/lib/libpebble.a(tmp7jpKUopebble.o)
                0x0000000000002a34                gbitmap_get_data_row_info
 .text.gpoint_from_polar
                0x0000000000002a40        0xc /home/linksky/.pebble-sdk/SDKs/current/sdk-core/pebble/aplite/lib/libpebble.a(tmp7jpKUopebble.o)
                0x0000000000002a40                gpoint_from_polar
 .text.graphics_fill_radial
                0x0000000000002a4c        0xc /home/linksky/.pebble-sdk/SDKs/current/sdk-core/pebble/aplite/lib/libpebble.a(tmp7jpKUopebble.o)
                0x0000000000002a4c                graphics_fill_radial
 .text.grect_centered_from_polar
                0x0000000000002a58        0xc /home/linksky/.pebble-sdk/SDKs/current/sdk-core/pebble/aplite/lib/libpebble.a(tmp7jpKUopebble.o)
                0x0000000000002a58                grect_centered_from_polar
 *(.rodata)
 .rodata        0x0000000000002a64        0xc src/c/modules/main_window.c.33.o
 .rodata        0x0000000000002a70        0x8 src/c/modules/pokemon/pokemon.c.33.o
 *(.rodata*)
 .rodata.pokemon_trainer_sprite_offsets
                0x0000000000002a78        0x8 src/c/modules/pokemon/pokemon.c.33.o
                0x0000000000002a78                pokemon_trainer_sprite_offsets
 .rodata.items  0x0000000000002a80       0x60 src/c/modules/pokemon/pokemon.c.33.o
                0x0000000000002a80                items
 .rodata.NP_DOOR_1
                0x0000000000002ae0        0xe src/c/modules/pokemon/pokemon.c.33.o
                0x0000000000002ae0                NP_DOOR_1
 .rodata.NP_DOOR_2
                0x0000000000002aee        0xe src/c/modules/pokemon/pokemon.c.33.o
                0x0000000000002aee                NP_DOOR_2
 .rodata.NP_DOOR_3
                0x0000000000002afc        0xe src/c/modules/pokemon/pokemon.c.33.o
                0x0000000000002afc                NP_DOOR_3
 .rodata.NP_DOOR_4
                0x0000000000002b0a        0xe src/c/modules/pokemon/pokemon.c.33.o
                0x0000000000002b0a                NP_DOOR_4
 .rodata.NP_DOOR_5
                0x0000000000002b18        0xe src/c/modules/pokemon/pokemon.c.33.o
                0x0000000000002b18                NP_DOOR_5
 .rodata.FO_DOOR_1
                0x0000000000002b26        0xe src/c/modules/pokemon/pokemon.c.33.o
                0x0000000000002b26                FO_DOOR_1
 .rodata.FO_DOOR_2
                0x0000000000002b34        0xe src/c/modules/pokemon/pokemon.c.33.o
                0x0000000000002b34                FO_DOOR_2
 .rodata.FO_DOOR_3
                0x0000000000002b42        0xe src/c/modules/pokemon/pokemon.c.33.o
                0x0000000000002b42                FO_DOOR_3
 .rodata.FO_DOOR_4
                0x0000000000002b50        0xe src/c/modules/pokemon/pokemon.c.33.o
                0x0000000000002b50                FO_DOOR_4
 .rodata.R2_DOOR_1
                0x0000000000002b5e        0xe src/c/modules/pokemon/pokemon.c.33.o
                0x0000000000002b5e                R2_DOOR_1
 .rodata.R2_DOOR_3
                0x0000000000002b6c        0xe src/c/modules/pokemon/pokemon.c.33.o
                0x0000000000002b6c                R2_DOOR_3
 .rodata.R1_TREE_1
                0x0000000000002b7a        0x8 src/c/modules/pokemon/pokemon.c.33.o
                0x0000000000002b7a                R1_TREE_1
 .rodata.R1_DOOR_3
                0x0000000000002b82        0xe src/c/modules/pokemon/pokemon.c.33.o
                0x0000000000002b82                R1_DOOR_3
 .rodata.FO_TREE_1
                0x0000000000002b90        0x8 src/c/modules/pokemon/pokemon.c.33.o
                0x0000000000002b90                FO_TREE_1
 .rodata.R1_DOOR_1
                0x0000000000002b98        0xe src/c/modules/pokemon/pokemon.c.33.o
                0x0000000000002b98                R1_DOOR_1
 .rodata.R1_DOOR_2
                0x0000000000002ba6        0xe src/c/modules/pokemon/pokemon.c.33.o
                0x0000000000002ba6                R1_DOOR_2
 .rodata.R1_DOOR_4
                0x0000000000002bb4        0xe src/c/modules/pokemon/pokemon.c.33.o
                0x0000000000002bb4                R1_DOOR_4
 .rodata.R1_DOOR_5
                0x0000000000002bc2        0xe src/c/modules/pokemon/pokemon.c.33.o
                0x0000000000002bc2                R1_DOOR_5
 .rodata.R2_DOOR_2
                0x0000000000002bd0        0xe src/c/modules/pokemon/pokemon.c.33.o
                0x0000000000002bd0                R2_DOOR_2
 .rodata.R1_TREE_2
                0x0000000000002bde        0x8 src/c/modules/pokemon/pokemon.c.33.o
                0x0000000000002bde                R1_TREE_2
 .rodata.CA_DOOR_1
                0x0000000000002be6        0xe src/c/modules/pokemon/pokemon.c.33.o
                0x0000000000002be6                CA_DOOR_1
 .rodata.CA_DOOR_2
                0x0000000000002bf4        0xe src/c/modules/pokemon/pokemon.c.33.o
                0x0000000000002bf4                CA_DOOR_2

.glue_7         0x0000000000002c04        0x0
 .glue_7        0x0000000000000000        0x0 linker stubs

.glue_7t        0x0000000000002c04        0x0
 .glue_7t       0x0000000000000000        0x0 linker stubs

.vfp11_veneer   0x0000000000002c04        0x0
 .vfp11_veneer  0x0000000000000000        0x0 linker stubs

.v4_bx          0x0000000000002c04        0x0
 .v4_bx         0x0000000000000000        0x0 linker stubs

.iplt           0x0000000000002c04        0x0
 .iplt          0x0000000000000000        0x0 /home/linksky/pebble-dev/pebble-sdk-4.5-linux64/arm-cs-tools/bin/../lib/gcc/arm-none-eabi/4.7.2/thumb2/crtbegin.o

.rel.dyn        0x0000000000002c04        0x0
 .rel.iplt      0x0000000000000000        0x0 /home/linksky/pebble-dev/pebble-sdk-4.5-linux64/arm-cs-tools/bin/../lib/gcc/arm-none-eabi/4.7.2/thumb2/crtbegin.o

.data           0x0000000000002c04      0x917
 *(.data)
 .data          0x0000000000002c04        0x0 /home/linksky/pebble-dev/pebble-sdk-4.5-linux64/arm-cs-tools/bin/../lib/gcc/arm-none-eabi/4.7.2/thumb2/crti.o
 .data          0x0000000000002c04        0x4 /home/linksky/pebble-dev/pebble-sdk-4.5-linux64/arm-cs-tools/bin/../lib/gcc/arm-none-eabi/4.7.2/thumb2/crtbegin.o
                0x0000000000002c04                __dso_handle
 .data          0x0000000000002c08        0x0 src/c/main.c.33.o
 .data          0x0000000000002c08        0x0 src/c/modules/main_window.c.33.o
 .data          0x0000000000002c08        0x0 src/c/modules/pebble-gbc-graphics/pebble-gbc-graphics.c.33.o
 .data          0x0000000000002c08        0x0 src/c/modules/pokemon/animations.c.33.o
 .data          0x0000000000002c08        0x0 src/c/modules/pokemon/pokemon.c.33.o
 .data          0x0000000000002c08        0x0 aplite/appinfo.auto.c.33.o
 .data          0x0000000000002c08        0x0 aplite/src/resource_ids.auto.c.33.o
 .data          0x0000000000002c08        0x0 src/message_keys.auto.c.33.o
 .data          0x0000000000002c08        0x0 /home/linksky/.pebble-sdk/SDKs/current/sdk-core/pebble/aplite/lib/libpebble.a(tmp7jpKUopebble.o)
 .data          0x0000000000002c08        0x0 /home/linksky/pebble-dev/pebble-sdk-4.5-linux64/arm-cs-tools/bin/../lib/gcc/arm-none-eabi/4.7.2/thumb2/crtend.o
 .data          0x0000000000002c08        0x0 /home/linksky/pebble-dev/pebble-sdk-4.5-linux64/arm-cs-tools/bin/../lib/gcc/arm-none-eabi/4.7.2/thumb2/crtn.o
 *(.data.*)
 .data.main_water_palettes
                0x0000000000002c08       0x10 src/c/modules/pokemon/animations.c.33.o
                0x0000000000002c08                main_water_palettes
 .data.tile_water_cave_swaps
                0x0000000000002c18       0x18 src/c/modules/pokemon/animations.c.33.o
                0x0000000000002c18                tile_water_cave_swaps
 .data.rel.anim_tiles
                0x0000000000002c30       0x10 src/c/modules/pokemon/animations.c.33.o
                0x0000000000002c30                anim_tiles
 .data.tile_flower_swaps
                0x0000000000002c40       0x18 src/c/modules/pokemon/animations.c.33.o
                0x0000000000002c40                tile_flower_swaps
 .data.tile_fountain_swaps
                0x0000000000002c58       0x18 src/c/modules/pokemon/animations.c.33.o
                0x0000000000002c58                tile_fountain_swaps
 .data.rel.water_palettes
                0x0000000000002c70        0x8 src/c/modules/pokemon/animations.c.33.o
                0x0000000000002c70                water_palettes
 .data.tile_water_swaps
                0x0000000000002c78       0x18 src/c/modules/pokemon/animations.c.33.o
                0x0000000000002c78                tile_water_swaps
 .data.cave_water_palettes
                0x0000000000002c90       0x10 src/c/modules/pokemon/animations.c.33.o
                0x0000000000002c90                cave_water_palettes
 .data.anim_tile_offsets
                0x0000000000002ca0        0x4 src/c/modules/pokemon/animations.c.33.o
                0x0000000000002ca0                anim_tile_offsets
 .data.replacement_blocks
                0x0000000000002ca4        0x5 src/c/modules/pokemon/pokemon.c.33.o
                0x0000000000002ca4                replacement_blocks
 .data.s_player_direction
                0x0000000000002ca9        0x1 src/c/modules/pokemon/pokemon.c.33.o
 .data.route_dims
                0x0000000000002caa        0xa src/c/modules/pokemon/pokemon.c.33.o
                0x0000000000002caa                route_dims
 .data.forest_chunks
                0x0000000000002cb4       0x9c src/c/modules/pokemon/pokemon.c.33.o
                0x0000000000002cb4                forest_chunks
 .data.cave_blocks
                0x0000000000002d50       0x6c src/c/modules/pokemon/pokemon.c.33.o
                0x0000000000002d50                cave_blocks
 .data.national_park_blocks
                0x0000000000002dbc      0x158 src/c/modules/pokemon/pokemon.c.33.o
                0x0000000000002dbc                national_park_blocks
 .data.cave_block_types
                0x0000000000002f14       0x1b src/c/modules/pokemon/pokemon.c.33.o
                0x0000000000002f14                cave_block_types
 .data.route_1_chunks
                0x0000000000002f2f       0x94 src/c/modules/pokemon/pokemon.c.33.o
                0x0000000000002f2f                route_1_chunks
 *fill*         0x0000000000002fc3        0x1 
 .data.rel.blocks
                0x0000000000002fc4       0x14 src/c/modules/pokemon/pokemon.c.33.o
                0x0000000000002fc4                blocks
 .data.route_1_block_types
                0x0000000000002fd8       0x20 src/c/modules/pokemon/pokemon.c.33.o
                0x0000000000002fd8                route_1_block_types
 .data.route_2_block_types
                0x0000000000002ff8       0x29 src/c/modules/pokemon/pokemon.c.33.o
                0x0000000000002ff8                route_2_block_types
 .data.jump_offsets
                0x0000000000003021       0x10 src/c/modules/pokemon/pokemon.c.33.o
                0x0000000000003021                jump_offsets
 *fill*         0x0000000000003031        0x3 
 .data.rel.block_types
                0x0000000000003034       0x14 src/c/modules/pokemon/pokemon.c.33.o
                0x0000000000003034                block_types
 .data.rel.objects
                0x0000000000003048       0x58 src/c/modules/pokemon/pokemon.c.33.o
                0x0000000000003048                objects
 .data.forest_block_types
                0x00000000000030a0       0x2b src/c/modules/pokemon/pokemon.c.33.o
                0x00000000000030a0                forest_block_types
 .data.forest_blocks
                0x00000000000030cb       0xac src/c/modules/pokemon/pokemon.c.33.o
                0x00000000000030cb                forest_blocks
 .data.route_2_blocks
                0x0000000000003177       0xa4 src/c/modules/pokemon/pokemon.c.33.o
                0x0000000000003177                route_2_blocks
 *fill*         0x000000000000321b        0x1 
 .data.rel.chunks
                0x000000000000321c       0x14 src/c/modules/pokemon/pokemon.c.33.o
                0x000000000000321c                chunks
 .data.bw_palette
                0x0000000000003230        0x4 src/c/modules/pokemon/pokemon.c.33.o
                0x0000000000003230                bw_palette
 .data.route_1_blocks
                0x0000000000003234       0x80 src/c/modules/pokemon/pokemon.c.33.o
                0x0000000000003234                route_1_blocks
 .data.route_2_chunks
                0x00000000000032b4       0x88 src/c/modules/pokemon/pokemon.c.33.o
                0x00000000000032b4                route_2_chunks
 .data.map_files
                0x000000000000333c       0x14 src/c/modules/pokemon/pokemon.c.33.o
                0x000000000000333c                map_files
 .data.s_route_num
                0x0000000000003350        0x1 src/c/modules/pokemon/pokemon.c.33.o
 .data.national_park_chunks
                0x0000000000003351       0xec src/c/modules/pokemon/pokemon.c.33.o
                0x0000000000003351                national_park_chunks
 .data.national_park_block_types
                0x000000000000343d       0x56 src/c/modules/pokemon/pokemon.c.33.o
                0x000000000000343d                national_park_block_types
 .data.cave_chunks
                0x0000000000003493       0x88 src/c/modules/pokemon/pokemon.c.33.o
                0x0000000000003493                cave_chunks

.igot.plt       0x000000000000351c        0x0
 .igot.plt      0x0000000000000000        0x0 /home/linksky/pebble-dev/pebble-sdk-4.5-linux64/arm-cs-tools/bin/../lib/gcc/arm-none-eabi/4.7.2/thumb2/crtbegin.o

.bss            0x000000000000351c       0x97
 *(.bss)
 *(.bss.*)
 .bss.s_min_endpoint
                0x000000000000351c        0x4 src/c/modules/main_window.c.33.o
 .bss.s_hour_rect
                0x0000000000003520        0x8 src/c/modules/main_window.c.33.o
 .bss.s_inner_rect_white
                0x0000000000003528        0x8 src/c/modules/main_window.c.33.o
 .bss.s_screen_rect
                0x0000000000003530        0x8 src/c/modules/main_window.c.33.o
 .bss.s_adjusted_screen_rect
                0x0000000000003538        0x8 src/c/modules/main_window.c.33.o
 .bss.s_hour_angle
                0x0000000000003540        0x4 src/c/modules/main_window.c.33.o
 .bss.s_frame_timer
                0x0000000000003544        0x4 src/c/modules/main_window.c.33.o
 .bss.s_minute_angle
                0x0000000000003548        0x4 src/c/modules/main_window.c.33.o
 .bss.s_window  0x000000000000354c        0x4 src/c/modules/main_window.c.33.o
 .bss.s_inner_rect
                0x0000000000003550        0x8 src/c/modules/main_window.c.33.o
 .bss.s_foreground_layer
                0x0000000000003558        0x4 src/c/modules/main_window.c.33.o
 .bss.s_graphics
                0x000000000000355c        0x4 src/c/modules/main_window.c.33.o
 .bss.s_min     0x0000000000003560        0x1 src/c/modules/main_window.c.33.o
 .bss.s_hour    0x0000000000003561        0x1 src/c/modules/main_window.c.33.o
 .bss.s_hour_endpoint
                0x0000000000003562        0x4 src/c/modules/main_window.c.33.o
 .bss.s_anim_offset
                0x0000000000003566        0x1 src/c/modules/pokemon/animations.c.33.o
 .bss.s_anim_frame
                0x0000000000003567        0x1 src/c/modules/pokemon/animations.c.33.o
 .bss.s_anim_bank
                0x0000000000003568        0x1 src/c/modules/pokemon/animations.c.33.o
 .bss.s_save_file_exists
                0x0000000000003569        0x1 src/c/modules/pokemon/pokemon.c.33.o
 *fill*         0x000000000000356a        0x2 
 .bss.s_world_map
                0x000000000000356c        0x4 src/c/modules/pokemon/pokemon.c.33.o
 .bss.s_player_step
                0x0000000000003570        0x2 src/c/modules/pokemon/pokemon.c.33.o
 .bss.s_target_y
                0x0000000000003572        0x2 src/c/modules/pokemon/pokemon.c.33.o
 .bss.s_atomic_player_x
                0x0000000000003574        0x2 src/c/modules/pokemon/pokemon.c.33.o
 .bss.s_atomic_player_y
                0x0000000000003576        0x2 src/c/modules/pokemon/pokemon.c.33.o
 .bss.s_target_x
                0x0000000000003578        0x2 src/c/modules/pokemon/pokemon.c.33.o
 .bss.s_step_frame
                0x000000000000357a        0x1 src/c/modules/pokemon/pokemon.c.33.o
 .bss.s_player_sprite_x
                0x000000000000357b        0x1 src/c/modules/pokemon/pokemon.c.33.o
 .bss.s_flip_walk
                0x000000000000357c        0x1 src/c/modules/pokemon/pokemon.c.33.o
 .bss.s_player_sprite_y
                0x000000000000357d        0x1 src/c/modules/pokemon/pokemon.c.33.o
 .bss.s_anim_frame
                0x000000000000357e        0x1 src/c/modules/pokemon/pokemon.c.33.o
 .bss.s_player_mode
                0x000000000000357f        0x1 src/c/modules/pokemon/pokemon.c.33.o
 .bss.s_walk_frame
                0x0000000000003580        0x1 src/c/modules/pokemon/pokemon.c.33.o
 *fill*         0x0000000000003581        0x1 
 .bss.s_warp_x  0x0000000000003582        0x2 src/c/modules/pokemon/pokemon.c.33.o
 .bss.s_warp_y  0x0000000000003584        0x2 src/c/modules/pokemon/pokemon.c.33.o
 .bss.s_warp_route
                0x0000000000003586        0x1 src/c/modules/pokemon/pokemon.c.33.o
 *fill*         0x0000000000003587        0x1 
 .bss.s_player_y
                0x0000000000003588        0x2 src/c/modules/pokemon/pokemon.c.33.o
 .bss.s_select_pressed
                0x000000000000358a        0x1 src/c/modules/pokemon/pokemon.c.33.o
 .bss.s_can_move
                0x000000000000358b        0x1 src/c/modules/pokemon/pokemon.c.33.o
 .bss.s_atomic_player_step
                0x000000000000358c        0x2 src/c/modules/pokemon/pokemon.c.33.o
 .bss.s_cur_bg_palettes
                0x000000000000358e       0x20 src/c/modules/pokemon/pokemon.c.33.o
 .bss.s_player_x
                0x00000000000035ae        0x2 src/c/modules/pokemon/pokemon.c.33.o
 .bss.s_player_sprite
                0x00000000000035b0        0x1 src/c/modules/pokemon/pokemon.c.33.o
 .bss.s_demo_frame
                0x00000000000035b1        0x1 src/c/modules/pokemon/pokemon.c.33.o
 .bss.s_game_started
                0x00000000000035b2        0x1 src/c/modules/pokemon/pokemon.c.33.o

DISCARD
 libc.a(*)
 libm.a(*)
 libgcc.a(*)
 *(.eh_frame)
OUTPUT(/mnt/c/Users/harri/Documents/pebble/pebblemon-watchface/build/aplite/pebble-app.elf elf32-littlearm)

.ARM.attributes
                0x0000000000000000       0x27
 .ARM.attributes
                0x0000000000000000       0x19 /home/linksky/pebble-dev/pebble-sdk-4.5-linux64/arm-cs-tools/bin/../lib/gcc/arm-none-eabi/4.7.2/thumb2/crti.o
 .ARM.attributes
                0x0000000000000019       0x29 /home/linksky/pebble-dev/pebble-sdk-4.5-linux64/arm-cs-tools/bin/../lib/gcc/arm-none-eabi/4.7.2/thumb2/crtbegin.o
 .ARM.attributes
                0x0000000000000042       0x33 src/c/main.c.33.o
 .ARM.attributes
                0x0000000000000075       0x33 src/c/modules/main_window.c.33.o
 .ARM.attributes
                0x00000000000000a8       0x33 src/c/modules/pebble-gbc-graphics/pebble-gbc-graphics.c.33.o
 .ARM.attributes
                0x00000000000000db       0x33 src/c/modules/pokemon/animations.c.33.o
 .ARM.attributes
                0x000000000000010e       0x33 src/c/modules/pokemon/pokemon.c.33.o
 .ARM.attributes
                0x0000000000000141       0x33 aplite/appinfo.auto.c.33.o
 .ARM.attributes
                0x0000000000000174       0x33 aplite/src/resource_ids.auto.c.33.o
 .ARM.attributes
                0x00000000000001a7       0x33 src/message_keys.auto.c.33.o
 .ARM.attributes
                0x00000000000001da       0x21 /home/linksky/.pebble-sdk/SDKs/current/sdk-core/pebble/aplite/lib/libpebble.a(tmp7jpKUopebble.o)
 .ARM.attributes
                0x00000000000001fb       0x29 /home/linksky/pebble-dev/pebble-sdk-4.5-linux64/arm-cs-tools/bin/../lib/gcc/arm-none-eabi/4.7.2/thumb2/crtend.o
 .ARM.attributes
                0x0000000000000224       0x19 /home/linksky/pebble-dev/pebble-sdk-4.5-linux64/arm-cs-tools/bin/../lib/gcc/arm-none-eabi/4.7.2/thumb2/crtn.o

.comment        0x0000000000000000       0x4e
 .comment       0x0000000000000000       0x4e /home/linksky/pebble-dev/pebble-sdk-4.5-linux64/arm-cs-tools/bin/../lib/gcc/arm-none-eabi/4.7.2/thumb2/crtbegin.o
                                         0x4f (size before relaxing)
 .comment       0x0000000000000000       0x4f src/c/main.c.33.o
 .comment       0x0000000000000000       0x4f src/c/modules/main_window.c.33.o
 .comment       0x0000000000000000       0x4f src/c/modules/pebble-gbc-graphics/pebble-gbc-graphics.c.33.o
 .comment       0x0000000000000000       0x4f src/c/modules/pokemon/animations.c.33.o
 .comment       0x0000000000000000       0x4f src/c/modules/pokemon/pokemon.c.33.o
 .comment       0x0000000000000000       0x4f aplite/appinfo.auto.c.33.o
 .comment       0x0000000000000000       0x4f aplite/src/resource_ids.auto.c.33.o
 .comment       0x0000000000000000       0x4f src/message_keys.auto.c.33.o
 .comment       0x0000000000000000       0x4f /home/linksky/pebble-dev/pebble-sdk-4.5-linux64/arm-cs-tools/bin/../lib/gcc/arm-none-eabi/4.7.2/thumb2/crtend.o

.debug_info     0x0000000000000000     0x855b
 .debug_info    0x0000000000000000       0xf6 src/c/main.c.33.o
 .debug_info    0x00000000000000f6     0x1653 src/c/modules/main_window.c.33.o
 .debug_info    0x0000000000001749     0x3757 src/c/modules/pebble-gbc-graphics/pebble-gbc-graphics.c.33.o
 .debug_info    0x0000000000004ea0      0x58b src/c/modules/pokemon/animations.c.33.o
 .debug_info    0x000000000000542b     0x2c72 src/c/modules/pokemon/pokemon.c.33.o
 .debug_info    0x000000000000809d      0x31a aplite/appinfo.auto.c.33.o
 .debug_info    0x00000000000083b7      0x123 aplite/src/resource_ids.auto.c.33.o
 .debug_info    0x00000000000084da       0x81 src/message_keys.auto.c.33.o

.debug_abbrev   0x0000000000000000     0x100c
 .debug_abbrev  0x0000000000000000       0x9a src/c/main.c.33.o
 .debug_abbrev  0x000000000000009a      0x359 src/c/modules/main_window.c.33.o
 .debug_abbrev  0x00000000000003f3      0x4d1 src/c/modules/pebble-gbc-graphics/pebble-gbc-graphics.c.33.o
 .debug_abbrev  0x00000000000008c4      0x193 src/c/modules/pokemon/animations.c.33.o
 .debug_abbrev  0x0000000000000a57      0x48f src/c/modules/pokemon/pokemon.c.33.o
 .debug_abbrev  0x0000000000000ee6       0x9e aplite/appinfo.auto.c.33.o
 .debug_abbrev  0x0000000000000f84       0x44 aplite/src/resource_ids.auto.c.33.o
 .debug_abbrev  0x0000000000000fc8       0x44 src/message_keys.auto.c.33.o

.debug_loc      0x0000000000000000     0x4754
 .debug_loc     0x0000000000000000       0x20 src/c/main.c.33.o
 .debug_loc     0x0000000000000020      0x3e0 src/c/modules/main_window.c.33.o
 .debug_loc     0x0000000000000400     0x305e src/c/modules/pebble-gbc-graphics/pebble-gbc-graphics.c.33.o
 .debug_loc     0x000000000000345e      0x160 src/c/modules/pokemon/animations.c.33.o
 .debug_loc     0x00000000000035be     0x1196 src/c/modules/pokemon/pokemon.c.33.o

.debug_aranges  0x0000000000000000      0x500
 .debug_aranges
                0x0000000000000000       0x20 src/c/main.c.33.o
 .debug_aranges
                0x0000000000000020       0x58 src/c/modules/main_window.c.33.o
 .debug_aranges
                0x0000000000000078      0x390 src/c/modules/pebble-gbc-graphics/pebble-gbc-graphics.c.33.o
 .debug_aranges
                0x0000000000000408       0x28 src/c/modules/pokemon/animations.c.33.o
 .debug_aranges
                0x0000000000000430       0x88 src/c/modules/pokemon/pokemon.c.33.o
 .debug_aranges
                0x00000000000004b8       0x18 aplite/appinfo.auto.c.33.o
 .debug_aranges
                0x00000000000004d0       0x18 aplite/src/resource_ids.auto.c.33.o
 .debug_aranges
                0x00000000000004e8       0x18 src/message_keys.auto.c.33.o

.debug_ranges   0x0000000000000000      0xc20
 .debug_ranges  0x0000000000000000       0x10 src/c/main.c.33.o
 .debug_ranges  0x0000000000000010       0xf0 src/c/modules/main_window.c.33.o
 .debug_ranges  0x0000000000000100      0x5a0 src/c/modules/pebble-gbc-graphics/pebble-gbc-graphics.c.33.o
 .debug_ranges  0x00000000000006a0       0x30 src/c/modules/pokemon/animations.c.33.o
 .debug_ranges  0x00000000000006d0      0x550 src/c/modules/pokemon/pokemon.c.33.o

.debug_line     0x0000000000000000     0x1d30
 .debug_line    0x0000000000000000       0xb8 src/c/main.c.33.o
 .debug_line    0x00000000000000b8      0x3a4 src/c/modules/main_window.c.33.o
 .debug_line    0x000000000000045c      0xc34 src/c/modules/pebble-gbc-graphics/pebble-gbc-graphics.c.33.o
 .debug_line    0x0000000000001090      0x225 src/c/modules/pokemon/animations.c.33.o
 .debug_line    0x00000000000012b5      0x7c5 src/c/modules/pokemon/pokemon.c.33.o
 .debug_line    0x0000000000001a7a      0x123 aplite/appinfo.auto.c.33.o
 .debug_line    0x0000000000001b9d       0xcd aplite/src/resource_ids.auto.c.33.o
 .debug_line    0x0000000000001c6a       0xc6 src/message_keys.auto.c.33.o

.debug_str      0x0000000000000000     0x29b4
 .debug_str     0x0000000000000000       0xe5 src/c/main.c.33.o
                                        0x123 (size before relaxing)
 .debug_str     0x00000000000000e5      0x7b0 src/c/modules/main_window.c.33.o
                                        0x9e2 (size before relaxing)
 .debug_str     0x0000000000000895     0x130c src/c/modules/pebble-gbc-graphics/pebble-gbc-graphics.c.33.o
                                       0x1798 (size before relaxing)
 .debug_str     0x0000000000001ba1      0x113 src/c/modules/pokemon/animations.c.33.o
                                        0x484 (size before relaxing)
 .debug_str     0x0000000000001cb4      0x974 src/c/modules/pokemon/pokemon.c.33.o
                                       0x11ea (size before relaxing)
 .debug_str     0x0000000000002628      0x22f aplite/appinfo.auto.c.33.o
                                        0x32c (size before relaxing)
 .debug_str     0x0000000000002857      0x133 aplite/src/resource_ids.auto.c.33.o
                                        0x20a (size before relaxing)
 .debug_str     0x000000000000298a       0x2a src/message_keys.auto.c.33.o
                                        0x101 (size before relaxing)

.debug_frame    0x0000000000000000      0xb64
 .debug_frame   0x0000000000000000       0x28 src/c/main.c.33.o
 .debug_frame   0x0000000000000028       0xec src/c/modules/main_window.c.33.o
 .debug_frame   0x0000000000000114      0x814 src/c/modules/pebble-gbc-graphics/pebble-gbc-graphics.c.33.o
 .debug_frame   0x0000000000000928       0x58 src/c/modules/pokemon/animations.c.33.o
 .debug_frame   0x0000000000000980      0x1e4 src/c/modules/pokemon/pokemon.c.33.o
